<?xml version="1.0"?>
<link_info>
   <banner>TI ARM Linker PC v16.9.1.LTS</banner>
   <copyright>Copyright (c) 1996-2015 Texas Instruments Incorporated</copyright>
   <link_time>0x592b5b2a</link_time>
   <link_errors>0x0</link_errors>
   <output_file>Firmware.out</output_file>
   <entry_point>
      <name>_c_int00</name>
      <address>0x7839</address>
   </entry_point>
   <input_file_list>
      <input_file id="fl-2">
         <path>.\</path>
         <kind>object</kind>
         <file>adc.obj</file>
         <name>adc.obj</name>
      </input_file>
      <input_file id="fl-3">
         <path>.\</path>
         <kind>object</kind>
         <file>button.obj</file>
         <name>button.obj</name>
      </input_file>
      <input_file id="fl-4">
         <path>.\</path>
         <kind>object</kind>
         <file>customstdio.obj</file>
         <name>customstdio.obj</name>
      </input_file>
      <input_file id="fl-5">
         <path>.\</path>
         <kind>object</kind>
         <file>input.obj</file>
         <name>input.obj</name>
      </input_file>
      <input_file id="fl-6">
         <path>.\</path>
         <kind>object</kind>
         <file>print.obj</file>
         <name>print.obj</name>
      </input_file>
      <input_file id="fl-7">
         <path>.\</path>
         <kind>object</kind>
         <file>relay.obj</file>
         <name>relay.obj</name>
      </input_file>
      <input_file id="fl-8">
         <path>.\</path>
         <kind>object</kind>
         <file>screen.obj</file>
         <name>screen.obj</name>
      </input_file>
      <input_file id="fl-9">
         <path>.\</path>
         <kind>object</kind>
         <file>spi.obj</file>
         <name>spi.obj</name>
      </input_file>
      <input_file id="fl-a">
         <path>.\</path>
         <kind>object</kind>
         <file>startup.obj</file>
         <name>startup.obj</name>
      </input_file>
      <input_file id="fl-b">
         <path>.\</path>
         <kind>object</kind>
         <file>startup_ccs.obj</file>
         <name>startup_ccs.obj</name>
      </input_file>
      <input_file id="fl-c">
         <path>.\</path>
         <kind>object</kind>
         <file>system.obj</file>
         <name>system.obj</name>
      </input_file>
      <input_file id="fl-d">
         <path>.\</path>
         <kind>object</kind>
         <file>utils.obj</file>
         <name>utils.obj</name>
      </input_file>
      <input_file id="fl-e">
         <path>.\drivers\</path>
         <kind>object</kind>
         <file>ads124x.obj</file>
         <name>ads124x.obj</name>
      </input_file>
      <input_file id="fl-f">
         <path>.\drivers\</path>
         <kind>object</kind>
         <file>buttons.obj</file>
         <name>buttons.obj</name>
      </input_file>
      <input_file id="fl-10">
         <path>.\drivers\</path>
         <kind>object</kind>
         <file>fat_fs_sd.obj</file>
         <name>fat_fs_sd.obj</name>
      </input_file>
      <input_file id="fl-11">
         <path>.\drivers\</path>
         <kind>object</kind>
         <file>rgb.obj</file>
         <name>rgb.obj</name>
      </input_file>
      <input_file id="fl-12">
         <path>.\handlers\</path>
         <kind>object</kind>
         <file>cont.obj</file>
         <name>cont.obj</name>
      </input_file>
      <input_file id="fl-13">
         <path>.\handlers\</path>
         <kind>object</kind>
         <file>current.obj</file>
         <name>current.obj</name>
      </input_file>
      <input_file id="fl-14">
         <path>.\handlers\</path>
         <kind>object</kind>
         <file>general.obj</file>
         <name>general.obj</name>
      </input_file>
      <input_file id="fl-15">
         <path>.\handlers\</path>
         <kind>object</kind>
         <file>logic.obj</file>
         <name>logic.obj</name>
      </input_file>
      <input_file id="fl-16">
         <path>.\handlers\</path>
         <kind>object</kind>
         <file>resistance.obj</file>
         <name>resistance.obj</name>
      </input_file>
      <input_file id="fl-17">
         <path>.\handlers\</path>
         <kind>object</kind>
         <file>voltage.obj</file>
         <name>voltage.obj</name>
      </input_file>
      <input_file id="fl-18">
         <path>.\third_party\FreeRTOS\Source\</path>
         <kind>object</kind>
         <file>list.obj</file>
         <name>list.obj</name>
      </input_file>
      <input_file id="fl-19">
         <path>.\third_party\FreeRTOS\Source\</path>
         <kind>object</kind>
         <file>queue.obj</file>
         <name>queue.obj</name>
      </input_file>
      <input_file id="fl-1a">
         <path>.\third_party\FreeRTOS\Source\</path>
         <kind>object</kind>
         <file>tasks.obj</file>
         <name>tasks.obj</name>
      </input_file>
      <input_file id="fl-1b">
         <path>.\third_party\FreeRTOS\Source\portable\CCS\ARM_CM4F\</path>
         <kind>object</kind>
         <file>port.obj</file>
         <name>port.obj</name>
      </input_file>
      <input_file id="fl-1c">
         <path>.\third_party\FreeRTOS\Source\portable\CCS\ARM_CM4F\</path>
         <kind>object</kind>
         <file>portasm.obj</file>
         <name>portasm.obj</name>
      </input_file>
      <input_file id="fl-1d">
         <path>.\third_party\FreeRTOS\Source\portable\MemMang\</path>
         <kind>object</kind>
         <file>heap_2.obj</file>
         <name>heap_2.obj</name>
      </input_file>
      <input_file id="fl-1e">
         <path>.\third_party\TivaLCD\</path>
         <kind>object</kind>
         <file>display.obj</file>
         <name>display.obj</name>
      </input_file>
      <input_file id="fl-1f">
         <path>.\utils\</path>
         <kind>object</kind>
         <file>ustdlib.obj</file>
         <name>ustdlib.obj</name>
      </input_file>
      <input_file id="fl-da">
         <path>C:\ti\ccsv7\tools\compiler\ti-cgt-arm_16.9.1.LTS\lib\</path>
         <kind>archive</kind>
         <file>rtsv7M4_T_le_v4SPD16_eabi.lib</file>
         <name>boot.obj</name>
      </input_file>
      <input_file id="fl-db">
         <path>C:\ti\ccsv7\tools\compiler\ti-cgt-arm_16.9.1.LTS\lib\</path>
         <kind>archive</kind>
         <file>rtsv7M4_T_le_v4SPD16_eabi.lib</file>
         <name>copy_decompress_lzss.obj</name>
      </input_file>
      <input_file id="fl-dc">
         <path>C:\ti\ccsv7\tools\compiler\ti-cgt-arm_16.9.1.LTS\lib\</path>
         <kind>archive</kind>
         <file>rtsv7M4_T_le_v4SPD16_eabi.lib</file>
         <name>copy_decompress_none.obj</name>
      </input_file>
      <input_file id="fl-dd">
         <path>C:\ti\ccsv7\tools\compiler\ti-cgt-arm_16.9.1.LTS\lib\</path>
         <kind>archive</kind>
         <file>rtsv7M4_T_le_v4SPD16_eabi.lib</file>
         <name>copy_zero_init.obj</name>
      </input_file>
      <input_file id="fl-de">
         <path>C:\ti\ccsv7\tools\compiler\ti-cgt-arm_16.9.1.LTS\lib\</path>
         <kind>archive</kind>
         <file>rtsv7M4_T_le_v4SPD16_eabi.lib</file>
         <name>exit.obj</name>
      </input_file>
      <input_file id="fl-df">
         <path>C:\ti\ccsv7\tools\compiler\ti-cgt-arm_16.9.1.LTS\lib\</path>
         <kind>archive</kind>
         <file>rtsv7M4_T_le_v4SPD16_eabi.lib</file>
         <name>fs_tod_t2.obj</name>
      </input_file>
      <input_file id="fl-e0">
         <path>C:\ti\ccsv7\tools\compiler\ti-cgt-arm_16.9.1.LTS\lib\</path>
         <kind>archive</kind>
         <file>rtsv7M4_T_le_v4SPD16_eabi.lib</file>
         <name>fs_toull_t2.obj</name>
      </input_file>
      <input_file id="fl-e1">
         <path>C:\ti\ccsv7\tools\compiler\ti-cgt-arm_16.9.1.LTS\lib\</path>
         <kind>archive</kind>
         <file>rtsv7M4_T_le_v4SPD16_eabi.lib</file>
         <name>memcpy_t2.obj</name>
      </input_file>
      <input_file id="fl-e2">
         <path>C:\ti\ccsv7\tools\compiler\ti-cgt-arm_16.9.1.LTS\lib\</path>
         <kind>archive</kind>
         <file>rtsv7M4_T_le_v4SPD16_eabi.lib</file>
         <name>memset_t2.obj</name>
      </input_file>
      <input_file id="fl-e3">
         <path>C:\ti\ccsv7\tools\compiler\ti-cgt-arm_16.9.1.LTS\lib\</path>
         <kind>archive</kind>
         <file>rtsv7M4_T_le_v4SPD16_eabi.lib</file>
         <name>mpu_init.obj</name>
      </input_file>
      <input_file id="fl-e4">
         <path>C:\ti\ccsv7\tools\compiler\ti-cgt-arm_16.9.1.LTS\lib\</path>
         <kind>archive</kind>
         <file>rtsv7M4_T_le_v4SPD16_eabi.lib</file>
         <name>pre_init.obj</name>
      </input_file>
      <input_file id="fl-e5">
         <path>C:\ti\ccsv7\tools\compiler\ti-cgt-arm_16.9.1.LTS\lib\</path>
         <kind>archive</kind>
         <file>rtsv7M4_T_le_v4SPD16_eabi.lib</file>
         <name>sprintf.obj</name>
      </input_file>
      <input_file id="fl-e6">
         <path>C:\ti\ccsv7\tools\compiler\ti-cgt-arm_16.9.1.LTS\lib\</path>
         <kind>archive</kind>
         <file>rtsv7M4_T_le_v4SPD16_eabi.lib</file>
         <name>stkdepth_vars.obj</name>
      </input_file>
      <input_file id="fl-e7">
         <path>C:\ti\ccsv7\tools\compiler\ti-cgt-arm_16.9.1.LTS\lib\</path>
         <kind>archive</kind>
         <file>rtsv7M4_T_le_v4SPD16_eabi.lib</file>
         <name>strcmp.obj</name>
      </input_file>
      <input_file id="fl-e8">
         <path>C:\ti\ccsv7\tools\compiler\ti-cgt-arm_16.9.1.LTS\lib\</path>
         <kind>archive</kind>
         <file>rtsv7M4_T_le_v4SPD16_eabi.lib</file>
         <name>strcpy.obj</name>
      </input_file>
      <input_file id="fl-e9">
         <path>C:\ti\ccsv7\tools\compiler\ti-cgt-arm_16.9.1.LTS\lib\</path>
         <kind>archive</kind>
         <file>rtsv7M4_T_le_v4SPD16_eabi.lib</file>
         <name>strlen.obj</name>
      </input_file>
      <input_file id="fl-ea">
         <path>C:\ti\ccsv7\tools\compiler\ti-cgt-arm_16.9.1.LTS\lib\</path>
         <kind>archive</kind>
         <file>rtsv7M4_T_le_v4SPD16_eabi.lib</file>
         <name>strncpy.obj</name>
      </input_file>
      <input_file id="fl-eb">
         <path>C:\ti\ccsv7\tools\compiler\ti-cgt-arm_16.9.1.LTS\lib\</path>
         <kind>archive</kind>
         <file>rtsv7M4_T_le_v4SPD16_eabi.lib</file>
         <name>u_divt2.obj</name>
      </input_file>
      <input_file id="fl-ec">
         <path>C:\ti\ccsv7\tools\compiler\ti-cgt-arm_16.9.1.LTS\lib\</path>
         <kind>archive</kind>
         <file>rtsv7M4_T_le_v4SPD16_eabi.lib</file>
         <name>vsprintf.obj</name>
      </input_file>
      <input_file id="fl-ed">
         <path>C:\ti\ccsv7\tools\compiler\ti-cgt-arm_16.9.1.LTS\lib\</path>
         <kind>archive</kind>
         <file>rtsv7M4_T_le_v4SPD16_eabi.lib</file>
         <name>_lock.obj</name>
      </input_file>
      <input_file id="fl-ee">
         <path>C:\ti\ccsv7\tools\compiler\ti-cgt-arm_16.9.1.LTS\lib\</path>
         <kind>archive</kind>
         <file>rtsv7M4_T_le_v4SPD16_eabi.lib</file>
         <name>_printfi.obj</name>
      </input_file>
      <input_file id="fl-ef">
         <path>C:\ti\ccsv7\tools\compiler\ti-cgt-arm_16.9.1.LTS\lib\</path>
         <kind>archive</kind>
         <file>rtsv7M4_T_le_v4SPD16_eabi.lib</file>
         <name>args_main.obj</name>
      </input_file>
      <input_file id="fl-f0">
         <path>C:\ti\ccsv7\tools\compiler\ti-cgt-arm_16.9.1.LTS\lib\</path>
         <kind>archive</kind>
         <file>rtsv7M4_T_le_v4SPD16_eabi.lib</file>
         <name>atoi.obj</name>
      </input_file>
      <input_file id="fl-f1">
         <path>C:\ti\ccsv7\tools\compiler\ti-cgt-arm_16.9.1.LTS\lib\</path>
         <kind>archive</kind>
         <file>rtsv7M4_T_le_v4SPD16_eabi.lib</file>
         <name>autoinit.obj</name>
      </input_file>
      <input_file id="fl-f2">
         <path>C:\ti\ccsv7\tools\compiler\ti-cgt-arm_16.9.1.LTS\lib\</path>
         <kind>archive</kind>
         <file>rtsv7M4_T_le_v4SPD16_eabi.lib</file>
         <name>cpy_tbl.obj</name>
      </input_file>
      <input_file id="fl-f3">
         <path>C:\ti\ccsv7\tools\compiler\ti-cgt-arm_16.9.1.LTS\lib\</path>
         <kind>archive</kind>
         <file>rtsv7M4_T_le_v4SPD16_eabi.lib</file>
         <name>ctype.obj</name>
      </input_file>
      <input_file id="fl-f4">
         <path>C:\ti\ccsv7\tools\compiler\ti-cgt-arm_16.9.1.LTS\lib\</path>
         <kind>archive</kind>
         <file>rtsv7M4_T_le_v4SPD16_eabi.lib</file>
         <name>fd_add_t2.obj</name>
      </input_file>
      <input_file id="fl-f5">
         <path>C:\ti\ccsv7\tools\compiler\ti-cgt-arm_16.9.1.LTS\lib\</path>
         <kind>archive</kind>
         <file>rtsv7M4_T_le_v4SPD16_eabi.lib</file>
         <name>fd_cmp_t2.obj</name>
      </input_file>
      <input_file id="fl-f6">
         <path>C:\ti\ccsv7\tools\compiler\ti-cgt-arm_16.9.1.LTS\lib\</path>
         <kind>archive</kind>
         <file>rtsv7M4_T_le_v4SPD16_eabi.lib</file>
         <name>fd_div_t2.obj</name>
      </input_file>
      <input_file id="fl-f7">
         <path>C:\ti\ccsv7\tools\compiler\ti-cgt-arm_16.9.1.LTS\lib\</path>
         <kind>archive</kind>
         <file>rtsv7M4_T_le_v4SPD16_eabi.lib</file>
         <name>fd_mul_t2.obj</name>
      </input_file>
      <input_file id="fl-f8">
         <path>C:\ti\ccsv7\tools\compiler\ti-cgt-arm_16.9.1.LTS\lib\</path>
         <kind>archive</kind>
         <file>rtsv7M4_T_le_v4SPD16_eabi.lib</file>
         <name>fd_toi_t2.obj</name>
      </input_file>
      <input_file id="fl-f9">
         <path>C:\ti\ccsv7\tools\compiler\ti-cgt-arm_16.9.1.LTS\lib\</path>
         <kind>archive</kind>
         <file>rtsv7M4_T_le_v4SPD16_eabi.lib</file>
         <name>i_div0.obj</name>
      </input_file>
      <input_file id="fl-fa">
         <path>C:\ti\ccsv7\tools\compiler\ti-cgt-arm_16.9.1.LTS\lib\</path>
         <kind>archive</kind>
         <file>rtsv7M4_T_le_v4SPD16_eabi.lib</file>
         <name>i_tofd_t2.obj</name>
      </input_file>
      <input_file id="fl-fb">
         <path>C:\ti\ccsv7\tools\compiler\ti-cgt-arm_16.9.1.LTS\lib\</path>
         <kind>archive</kind>
         <file>rtsv7M4_T_le_v4SPD16_eabi.lib</file>
         <name>ltoa.obj</name>
      </input_file>
      <input_file id="fl-fc">
         <path>C:\ti\ccsv7\tools\compiler\ti-cgt-arm_16.9.1.LTS\lib\</path>
         <kind>archive</kind>
         <file>rtsv7M4_T_le_v4SPD16_eabi.lib</file>
         <name>memccpy.obj</name>
      </input_file>
      <input_file id="fl-fd">
         <path>C:\ti\ccsv7\tools\compiler\ti-cgt-arm_16.9.1.LTS\lib\</path>
         <kind>archive</kind>
         <file>rtsv7M4_T_le_v4SPD16_eabi.lib</file>
         <name>s_frexp.obj</name>
      </input_file>
      <input_file id="fl-fe">
         <path>C:\ti\ccsv7\tools\compiler\ti-cgt-arm_16.9.1.LTS\lib\</path>
         <kind>archive</kind>
         <file>rtsv7M4_T_le_v4SPD16_eabi.lib</file>
         <name>s_scalbn.obj</name>
      </input_file>
      <input_file id="fl-ff">
         <path>C:\ti\ccsv7\tools\compiler\ti-cgt-arm_16.9.1.LTS\lib\</path>
         <kind>archive</kind>
         <file>rtsv7M4_T_le_v4SPD16_eabi.lib</file>
         <name>startup.obj</name>
      </input_file>
      <input_file id="fl-100">
         <path>C:\ti\ccsv7\tools\compiler\ti-cgt-arm_16.9.1.LTS\lib\</path>
         <kind>archive</kind>
         <file>rtsv7M4_T_le_v4SPD16_eabi.lib</file>
         <name>strchr.obj</name>
      </input_file>
      <input_file id="fl-101">
         <path>C:\ti\ccsv7\tools\compiler\ti-cgt-arm_16.9.1.LTS\lib\</path>
         <kind>archive</kind>
         <file>rtsv7M4_T_le_v4SPD16_eabi.lib</file>
         <name>ull_div_t2.obj</name>
      </input_file>
      <input_file id="fl-102">
         <path>C:\ti\ccsv7\tools\compiler\ti-cgt-arm_16.9.1.LTS\lib\</path>
         <kind>archive</kind>
         <file>rtsv7M4_T_le_v4SPD16_eabi.lib</file>
         <name>errno.obj</name>
      </input_file>
      <input_file id="fl-103">
         <path>C:\ti\ccsv7\tools\compiler\ti-cgt-arm_16.9.1.LTS\lib\</path>
         <kind>archive</kind>
         <file>rtsv7M4_T_le_v4SPD16_eabi.lib</file>
         <name>s_copysign.obj</name>
      </input_file>
      <input_file id="fl-104">
         <path>C:\ti\TivaWare_C_Series-2.1.4.178\driverlib\ccs\Debug\</path>
         <kind>archive</kind>
         <file>driverlib.lib</file>
         <name>gpio.obj</name>
      </input_file>
      <input_file id="fl-105">
         <path>C:\ti\TivaWare_C_Series-2.1.4.178\driverlib\ccs\Debug\</path>
         <kind>archive</kind>
         <file>driverlib.lib</file>
         <name>interrupt.obj</name>
      </input_file>
      <input_file id="fl-106">
         <path>C:\ti\TivaWare_C_Series-2.1.4.178\driverlib\ccs\Debug\</path>
         <kind>archive</kind>
         <file>driverlib.lib</file>
         <name>pwm.obj</name>
      </input_file>
      <input_file id="fl-107">
         <path>C:\ti\TivaWare_C_Series-2.1.4.178\driverlib\ccs\Debug\</path>
         <kind>archive</kind>
         <file>driverlib.lib</file>
         <name>ssi.obj</name>
      </input_file>
      <input_file id="fl-108">
         <path>C:\ti\TivaWare_C_Series-2.1.4.178\driverlib\ccs\Debug\</path>
         <kind>archive</kind>
         <file>driverlib.lib</file>
         <name>sysctl.obj</name>
      </input_file>
      <input_file id="fl-109">
         <path>C:\ti\TivaWare_C_Series-2.1.4.178\driverlib\ccs\Debug\</path>
         <kind>archive</kind>
         <file>driverlib.lib</file>
         <name>timer.obj</name>
      </input_file>
      <input_file id="fl-10a">
         <path>C:\ti\TivaWare_C_Series-2.1.4.178\driverlib\ccs\Debug\</path>
         <kind>archive</kind>
         <file>driverlib.lib</file>
         <name>uart.obj</name>
      </input_file>
      <input_file id="fl-10b">
         <path>C:\ti\TivaWare_C_Series-2.1.4.178\driverlib\ccs\Debug\</path>
         <kind>archive</kind>
         <file>driverlib.lib</file>
         <name>cpu.obj</name>
      </input_file>
   </input_file_list>
   <object_component_list>
      <object_component id="oc-f">
         <name>.intvecs</name>
         <load_address>0x0</load_address>
         <run_address>0x0</run_address>
         <size>0x26c</size>
         <input_file_ref idref="fl-b"/>
      </object_component>
      <object_component id="oc-78e">
         <name>.text</name>
         <load_address>0x26c</load_address>
         <run_address>0x26c</run_address>
         <size>0x113e</size>
         <input_file_ref idref="fl-ee"/>
      </object_component>
      <object_component id="oc-97d">
         <name>.text:DeselectSD</name>
         <load_address>0x13aa</load_address>
         <run_address>0x13aa</run_address>
         <size>0x2</size>
         <input_file_ref idref="fl-d"/>
      </object_component>
      <object_component id="oc-42a">
         <name>.text:SystemHandleButton</name>
         <load_address>0x13ac</load_address>
         <run_address>0x13ac</run_address>
         <size>0x800</size>
         <input_file_ref idref="fl-c"/>
      </object_component>
      <object_component id="oc-280">
         <name>.text:SystemTask</name>
         <load_address>0x1bac</load_address>
         <run_address>0x1bac</run_address>
         <size>0x374</size>
         <input_file_ref idref="fl-c"/>
      </object_component>
      <object_component id="oc-104">
         <name>.text:UARTvprintf</name>
         <load_address>0x1f20</load_address>
         <run_address>0x1f20</run_address>
         <size>0x348</size>
         <input_file_ref idref="fl-4"/>
      </object_component>
      <object_component id="oc-3c0">
         <name>.text:ScreenTask</name>
         <load_address>0x2268</load_address>
         <run_address>0x2268</run_address>
         <size>0x320</size>
         <input_file_ref idref="fl-8"/>
      </object_component>
      <object_component id="oc-6ec">
         <name>.text:PrintLogicReading</name>
         <load_address>0x2588</load_address>
         <run_address>0x2588</run_address>
         <size>0x248</size>
         <input_file_ref idref="fl-15"/>
      </object_component>
      <object_component id="oc-8a7">
         <name>.text</name>
         <load_address>0x27d0</load_address>
         <run_address>0x27d0</run_address>
         <size>0x1f4</size>
         <input_file_ref idref="fl-101"/>
      </object_component>
      <object_component id="oc-8d0">
         <name>.text</name>
         <load_address>0x29c4</load_address>
         <run_address>0x29c4</run_address>
         <size>0x1b6</size>
         <input_file_ref idref="fl-f4"/>
      </object_component>
      <object_component id="oc-709">
         <name>.text:GenericLoad</name>
         <load_address>0x2b7a</load_address>
         <run_address>0x2b7a</run_address>
         <size>0x2</size>
         <input_file_ref idref="fl-14"/>
      </object_component>
      <object_component id="oc-6b0">
         <name>.text:PrintVoltageReading</name>
         <load_address>0x2b7c</load_address>
         <run_address>0x2b7c</run_address>
         <size>0x19c</size>
         <input_file_ref idref="fl-17"/>
      </object_component>
      <object_component id="oc-46c">
         <name>.text:PrintRelayReading</name>
         <load_address>0x2d18</load_address>
         <run_address>0x2d18</run_address>
         <size>0x198</size>
         <input_file_ref idref="fl-c"/>
      </object_component>
      <object_component id="oc-460">
         <name>.text:PrintSettingScreen</name>
         <load_address>0x2eb0</load_address>
         <run_address>0x2eb0</run_address>
         <size>0x198</size>
         <input_file_ref idref="fl-c"/>
      </object_component>
      <object_component id="oc-6c8">
         <name>.text:PrintCurrentReading</name>
         <load_address>0x3048</load_address>
         <run_address>0x3048</run_address>
         <size>0x194</size>
         <input_file_ref idref="fl-13"/>
      </object_component>
      <object_component id="oc-556">
         <name>.text:HandleInput</name>
         <load_address>0x31dc</load_address>
         <run_address>0x31dc</run_address>
         <size>0x18c</size>
         <input_file_ref idref="fl-5"/>
      </object_component>
      <object_component id="oc-400">
         <name>.text:xQueueGenericReceive</name>
         <load_address>0x3368</load_address>
         <run_address>0x3368</run_address>
         <size>0x16c</size>
         <input_file_ref idref="fl-19"/>
      </object_component>
      <object_component id="oc-26e">
         <name>.text:ScreenTaskInit</name>
         <load_address>0x34d4</load_address>
         <run_address>0x34d4</run_address>
         <size>0x15c</size>
         <input_file_ref idref="fl-8"/>
      </object_component>
      <object_component id="oc-6b6">
         <name>.text:HandleVoltageSwitching</name>
         <load_address>0x3630</load_address>
         <run_address>0x3630</run_address>
         <size>0x140</size>
         <input_file_ref idref="fl-17"/>
      </object_component>
      <object_component id="oc-256">
         <name>.text:xTaskGenericCreate</name>
         <load_address>0x3770</load_address>
         <run_address>0x3770</run_address>
         <size>0x138</size>
         <input_file_ref idref="fl-1a"/>
      </object_component>
      <object_component id="oc-8b6">
         <name>.text</name>
         <load_address>0x38a8</load_address>
         <run_address>0x38a8</run_address>
         <size>0x136</size>
         <input_file_ref idref="fl-f6"/>
      </object_component>
      <object_component id="oc-70f">
         <name>.text:GenericUnload</name>
         <load_address>0x39de</load_address>
         <run_address>0x39de</run_address>
         <size>0x2</size>
         <input_file_ref idref="fl-14"/>
      </object_component>
      <object_component id="oc-25c">
         <name>.text:ButtonTaskInit</name>
         <load_address>0x39e0</load_address>
         <run_address>0x39e0</run_address>
         <size>0x134</size>
         <input_file_ref idref="fl-3"/>
      </object_component>
      <object_component id="oc-b3">
         <name>.text:xTaskIncrementTick</name>
         <load_address>0x3b14</load_address>
         <run_address>0x3b14</run_address>
         <size>0x134</size>
         <input_file_ref idref="fl-1a"/>
      </object_component>
      <object_component id="oc-250">
         <name>.text:GPIOPadConfigSet</name>
         <load_address>0x3c48</load_address>
         <run_address>0x3c48</run_address>
         <size>0x132</size>
         <input_file_ref idref="fl-104"/>
      </object_component>
      <object_component id="oc-2ce">
         <name>.text</name>
         <load_address>0x3d7a</load_address>
         <run_address>0x3d7a</run_address>
         <size>0x2</size>
         <input_file_ref idref="fl-f9"/>
      </object_component>
      <object_component id="oc-543">
         <name>.text:xQueueGenericSend</name>
         <load_address>0x3d7c</load_address>
         <run_address>0x3d7c</run_address>
         <size>0x128</size>
         <input_file_ref idref="fl-19"/>
      </object_component>
      <object_component id="oc-309">
         <name>.text:pvPortMalloc</name>
         <load_address>0x3ea4</load_address>
         <run_address>0x3ea4</run_address>
         <size>0x11c</size>
         <input_file_ref idref="fl-1d"/>
      </object_component>
      <object_component id="oc-43c">
         <name>.text:PrintMeasureContext</name>
         <load_address>0x3fc0</load_address>
         <run_address>0x3fc0</run_address>
         <size>0x118</size>
         <input_file_ref idref="fl-c"/>
      </object_component>
      <object_component id="oc-274">
         <name>.text:ADCTaskInit</name>
         <load_address>0x40d8</load_address>
         <run_address>0x40d8</run_address>
         <size>0x114</size>
         <input_file_ref idref="fl-2"/>
      </object_component>
      <object_component id="oc-5e2">
         <name>.text:ADCSetRegister</name>
         <load_address>0x41ec</load_address>
         <run_address>0x41ec</run_address>
         <size>0x110</size>
         <input_file_ref idref="fl-e"/>
      </object_component>
      <object_component id="oc-218">
         <name>.text:SysCtlClockGet</name>
         <load_address>0x42fc</load_address>
         <run_address>0x42fc</run_address>
         <size>0x110</size>
         <input_file_ref idref="fl-108"/>
      </object_component>
      <object_component id="oc-943">
         <name>.text:prvListTaskWithinSingleList</name>
         <load_address>0x440c</load_address>
         <run_address>0x440c</run_address>
         <size>0x110</size>
         <input_file_ref idref="fl-1a"/>
      </object_component>
      <object_component id="oc-6aa">
         <name>.text:CalculateVoltage</name>
         <load_address>0x451c</load_address>
         <run_address>0x451c</run_address>
         <size>0x10c</size>
         <input_file_ref idref="fl-17"/>
      </object_component>
      <object_component id="oc-175">
         <name>.text:SystemTaskInit</name>
         <load_address>0x4628</load_address>
         <run_address>0x4628</run_address>
         <size>0x100</size>
         <input_file_ref idref="fl-c"/>
      </object_component>
      <object_component id="oc-8b1">
         <name>.text</name>
         <load_address>0x4728</load_address>
         <run_address>0x4728</run_address>
         <size>0xfc</size>
         <input_file_ref idref="fl-f7"/>
      </object_component>
      <object_component id="oc-8db">
         <name>.text</name>
         <load_address>0x4824</load_address>
         <run_address>0x4824</run_address>
         <size>0xfc</size>
         <input_file_ref idref="fl-fe"/>
      </object_component>
      <object_component id="oc-4e6">
         <name>.text:xTaskResumeAll</name>
         <load_address>0x4920</load_address>
         <run_address>0x4920</run_address>
         <size>0xfc</size>
         <input_file_ref idref="fl-1a"/>
      </object_component>
      <object_component id="oc-771">
         <name>.text:GetCommand</name>
         <load_address>0x4a1c</load_address>
         <run_address>0x4a1c</run_address>
         <size>0xf8</size>
         <input_file_ref idref="fl-5"/>
      </object_component>
      <object_component id="oc-ac">
         <name>.text:vTaskSwitchContext</name>
         <load_address>0x4b14</load_address>
         <run_address>0x4b14</run_address>
         <size>0xf4</size>
         <input_file_ref idref="fl-1a"/>
      </object_component>
      <object_component id="oc-6c2">
         <name>.text:CalculateCurrent</name>
         <load_address>0x4c08</load_address>
         <run_address>0x4c08</run_address>
         <size>0xf0</size>
         <input_file_ref idref="fl-13"/>
      </object_component>
      <object_component id="oc-541">
         <name>.text:ButtonsRead</name>
         <load_address>0x4cf8</load_address>
         <run_address>0x4cf8</run_address>
         <size>0xdc</size>
         <input_file_ref idref="fl-3"/>
      </object_component>
      <object_component id="oc-6ce">
         <name>.text:HandleCurrentSwitching</name>
         <load_address>0x4dd4</load_address>
         <run_address>0x4dd4</run_address>
         <size>0xdc</size>
         <input_file_ref idref="fl-13"/>
      </object_component>
      <object_component id="oc-287">
         <name>.text:SystemBlinkTask</name>
         <load_address>0x4eb0</load_address>
         <run_address>0x4eb0</run_address>
         <size>0xdc</size>
         <input_file_ref idref="fl-c"/>
      </object_component>
      <object_component id="oc-896">
         <name>.text:uxTaskGetSystemState</name>
         <load_address>0x4f8c</load_address>
         <run_address>0x4f8c</run_address>
         <size>0xdc</size>
         <input_file_ref idref="fl-1a"/>
      </object_component>
      <object_component id="oc-654">
         <name>.text:SystemHandleButtonAction</name>
         <load_address>0x5068</load_address>
         <run_address>0x5068</run_address>
         <size>0xd4</size>
         <input_file_ref idref="fl-c"/>
      </object_component>
      <object_component id="oc-43">
         <name>.text</name>
         <load_address>0x513c</load_address>
         <run_address>0x513c</run_address>
         <size>0xd2</size>
         <input_file_ref idref="fl-1c"/>
      </object_component>
      <object_component id="oc-361">
         <name>.text:InputTask</name>
         <load_address>0x520e</load_address>
         <run_address>0x520e</run_address>
         <size>0xce</size>
         <input_file_ref idref="fl-5"/>
      </object_component>
      <object_component id="oc-35a">
         <name>.text:OpticalInputTask</name>
         <load_address>0x52dc</load_address>
         <run_address>0x52dc</run_address>
         <size>0xce</size>
         <input_file_ref idref="fl-5"/>
      </object_component>
      <object_component id="oc-7a">
         <name>.text</name>
         <load_address>0x53aa</load_address>
         <run_address>0x53aa</run_address>
         <size>0x2</size>
         <input_file_ref idref="fl-e3"/>
      </object_component>
      <object_component id="oc-406">
         <name>.text:vTaskSuspend</name>
         <load_address>0x53ac</load_address>
         <run_address>0x53ac</run_address>
         <size>0xcc</size>
         <input_file_ref idref="fl-1a"/>
      </object_component>
      <object_component id="oc-62f">
         <name>.text:vTaskPriorityInherit</name>
         <load_address>0x5478</load_address>
         <run_address>0x5478</run_address>
         <size>0xc8</size>
         <input_file_ref idref="fl-1a"/>
      </object_component>
      <object_component id="oc-5f9">
         <name>.text:ADCGetConversion</name>
         <load_address>0x5540</load_address>
         <run_address>0x5540</run_address>
         <size>0xc4</size>
         <input_file_ref idref="fl-e"/>
      </object_component>
      <object_component id="oc-7b0">
         <name>.text:ADCReadRegister</name>
         <load_address>0x5604</load_address>
         <run_address>0x5604</run_address>
         <size>0xc0</size>
         <input_file_ref idref="fl-e"/>
      </object_component>
      <object_component id="oc-15d">
         <name>.text:ConfigureUART</name>
         <load_address>0x56c4</load_address>
         <run_address>0x56c4</run_address>
         <size>0xbc</size>
         <input_file_ref idref="fl-a"/>
      </object_component>
      <object_component id="oc-756">
         <name>.text:prvCopyDataToQueue</name>
         <load_address>0x5780</load_address>
         <run_address>0x5780</run_address>
         <size>0xbc</size>
         <input_file_ref idref="fl-19"/>
      </object_component>
      <object_component id="oc-76b">
         <name>.text:OutputTop</name>
         <load_address>0x583c</load_address>
         <run_address>0x583c</run_address>
         <size>0xbb</size>
         <input_file_ref idref="fl-5"/>
      </object_component>
      <object_component id="oc-3df">
         <name>.text:ADCTask</name>
         <load_address>0x58f8</load_address>
         <run_address>0x58f8</run_address>
         <size>0xb8</size>
         <input_file_ref idref="fl-2"/>
      </object_component>
      <object_component id="oc-6df">
         <name>.text:PrintContReading</name>
         <load_address>0x59b0</load_address>
         <run_address>0x59b0</run_address>
         <size>0xb4</size>
         <input_file_ref idref="fl-12"/>
      </object_component>
      <object_component id="oc-887">
         <name>.text:xTaskPriorityDisinherit</name>
         <load_address>0x5a64</load_address>
         <run_address>0x5a64</run_address>
         <size>0xa8</size>
         <input_file_ref idref="fl-1a"/>
      </object_component>
      <object_component id="oc-6d8">
         <name>.text:PrintResistanceReading</name>
         <load_address>0x5b0c</load_address>
         <run_address>0x5b0c</run_address>
         <size>0xa4</size>
         <input_file_ref idref="fl-16"/>
      </object_component>
      <object_component id="oc-268">
         <name>.text:InputTaskInit</name>
         <load_address>0x5bb0</load_address>
         <run_address>0x5bb0</run_address>
         <size>0xa0</size>
         <input_file_ref idref="fl-5"/>
      </object_component>
      <object_component id="oc-31f">
         <name>.text:prvInitialiseTCBVariables</name>
         <load_address>0x5c50</load_address>
         <run_address>0x5c50</run_address>
         <size>0xa0</size>
         <input_file_ref idref="fl-1a"/>
      </object_component>
      <object_component id="oc-30f">
         <name>.text:xQueueGenericReset</name>
         <load_address>0x5cf0</load_address>
         <run_address>0x5cf0</run_address>
         <size>0xa0</size>
         <input_file_ref idref="fl-19"/>
      </object_component>
      <object_component id="oc-696">
         <name>.text:ResetRelay</name>
         <load_address>0x5d90</load_address>
         <run_address>0x5d90</run_address>
         <size>0x9c</size>
         <input_file_ref idref="fl-7"/>
      </object_component>
      <object_component id="oc-690">
         <name>.text:SetRelay</name>
         <load_address>0x5e2c</load_address>
         <run_address>0x5e2c</run_address>
         <size>0x9c</size>
         <input_file_ref idref="fl-7"/>
      </object_component>
      <object_component id="oc-62">
         <name>.text</name>
         <load_address>0x5ec8</load_address>
         <run_address>0x5ec8</run_address>
         <size>0x9c</size>
         <input_file_ref idref="fl-e1"/>
      </object_component>
      <object_component id="oc-351">
         <name>.text:ButtonTask</name>
         <load_address>0x5f64</load_address>
         <run_address>0x5f64</run_address>
         <size>0x94</size>
         <input_file_ref idref="fl-3"/>
      </object_component>
      <object_component id="oc-4fa">
         <name>.text:xTaskRemoveFromEventList</name>
         <load_address>0x5ff8</load_address>
         <run_address>0x5ff8</run_address>
         <size>0x90</size>
         <input_file_ref idref="fl-1a"/>
      </object_component>
      <object_component id="oc-6e6">
         <name>.text:CalculateLogicVoltage</name>
         <load_address>0x6088</load_address>
         <run_address>0x6088</run_address>
         <size>0x8c</size>
         <input_file_ref idref="fl-15"/>
      </object_component>
      <object_component id="oc-16f">
         <name>.text:ConfigureRelays</name>
         <load_address>0x6114</load_address>
         <run_address>0x6114</run_address>
         <size>0x8c</size>
         <input_file_ref idref="fl-7"/>
      </object_component>
      <object_component id="oc-672">
         <name>.text:ScreenDecreaseBrightness</name>
         <load_address>0x61a0</load_address>
         <run_address>0x61a0</run_address>
         <size>0x8c</size>
         <input_file_ref idref="fl-8"/>
      </object_component>
      <object_component id="oc-678">
         <name>.text:ScreenIncreaseBrightness</name>
         <load_address>0x622c</load_address>
         <run_address>0x622c</run_address>
         <size>0x8c</size>
         <input_file_ref idref="fl-8"/>
      </object_component>
      <object_component id="oc-368">
         <name>.text:initLCD</name>
         <load_address>0x62b8</load_address>
         <run_address>0x62b8</run_address>
         <size>0x8c</size>
         <input_file_ref idref="fl-1e"/>
      </object_component>
      <object_component id="oc-418">
         <name>.text:vTaskResume</name>
         <load_address>0x6344</load_address>
         <run_address>0x6344</run_address>
         <size>0x8c</size>
         <input_file_ref idref="fl-1a"/>
      </object_component>
      <object_component id="oc-3c7">
         <name>.text:ConfigureADC</name>
         <load_address>0x63d0</load_address>
         <run_address>0x63d0</run_address>
         <size>0x88</size>
         <input_file_ref idref="fl-e"/>
      </object_component>
      <object_component id="oc-8ac">
         <name>.text:__aeabi_cdcmple</name>
         <load_address>0x6458</load_address>
         <run_address>0x6458</run_address>
         <size>0x86</size>
         <input_file_ref idref="fl-f5"/>
      </object_component>
      <object_component id="oc-8bb">
         <name>.text:__aeabi_cdrcmple</name>
         <load_address>0x64de</load_address>
         <run_address>0x64de</run_address>
         <size>0x86</size>
         <input_file_ref idref="fl-f5"/>
      </object_component>
      <object_component id="oc-822">
         <name>.text:LogicLoad</name>
         <load_address>0x6564</load_address>
         <run_address>0x6564</run_address>
         <size>0x84</size>
         <input_file_ref idref="fl-15"/>
      </object_component>
      <object_component id="oc-623">
         <name>.text:xTaskCheckForTimeOut</name>
         <load_address>0x65e8</load_address>
         <run_address>0x65e8</run_address>
         <size>0x84</size>
         <input_file_ref idref="fl-1a"/>
      </object_component>
      <object_component id="oc-63b">
         <name>.text:prvUnlockQueue</name>
         <load_address>0x666c</load_address>
         <run_address>0x666c</run_address>
         <size>0x82</size>
         <input_file_ref idref="fl-19"/>
      </object_component>
      <object_component id="oc-e9">
         <name>.text</name>
         <load_address>0x66ee</load_address>
         <run_address>0x66ee</run_address>
         <size>0x2</size>
         <input_file_ref idref="fl-ff"/>
      </object_component>
      <object_component id="oc-5ff">
         <name>.text:GetADCDelay</name>
         <load_address>0x66f0</load_address>
         <run_address>0x66f0</run_address>
         <size>0x80</size>
         <input_file_ref idref="fl-2"/>
      </object_component>
      <object_component id="oc-33e">
         <name>.text:ButtonsInit</name>
         <load_address>0x6770</load_address>
         <run_address>0x6770</run_address>
         <size>0x7c</size>
         <input_file_ref idref="fl-f"/>
      </object_component>
      <object_component id="oc-181">
         <name>.text:vTaskStartScheduler</name>
         <load_address>0x67ec</load_address>
         <run_address>0x67ec</run_address>
         <size>0x7c</size>
         <input_file_ref idref="fl-1a"/>
      </object_component>
      <object_component id="oc-6e">
         <name>.text</name>
         <load_address>0x6868</load_address>
         <run_address>0x6868</run_address>
         <size>0x7a</size>
         <input_file_ref idref="fl-e2"/>
      </object_component>
      <object_component id="oc-442">
         <name>.text:HandleACReading</name>
         <load_address>0x68e4</load_address>
         <run_address>0x68e4</run_address>
         <size>0x78</size>
         <input_file_ref idref="fl-17"/>
      </object_component>
      <object_component id="oc-448">
         <name>.text:HandleCurrentReading</name>
         <load_address>0x695c</load_address>
         <run_address>0x695c</run_address>
         <size>0x78</size>
         <input_file_ref idref="fl-13"/>
      </object_component>
      <object_component id="oc-436">
         <name>.text:HandleDCReading</name>
         <load_address>0x69d4</load_address>
         <run_address>0x69d4</run_address>
         <size>0x78</size>
         <input_file_ref idref="fl-17"/>
      </object_component>
      <object_component id="oc-3cd">
         <name>.text:xQueueCreateMutex</name>
         <load_address>0x6a4c</load_address>
         <run_address>0x6a4c</run_address>
         <size>0x76</size>
         <input_file_ref idref="fl-19"/>
      </object_component>
      <object_component id="oc-3d8">
         <name>.text:ADCNotificationTask</name>
         <load_address>0x6ac4</load_address>
         <run_address>0x6ac4</run_address>
         <size>0x74</size>
         <input_file_ref idref="fl-2"/>
      </object_component>
      <object_component id="oc-1fe">
         <name>.text:UARTStdioConfig2</name>
         <load_address>0x6b38</load_address>
         <run_address>0x6b38</run_address>
         <size>0x74</size>
         <input_file_ref idref="fl-4"/>
      </object_component>
      <object_component id="oc-1f8">
         <name>.text:UARTStdioConfig</name>
         <load_address>0x6bac</load_address>
         <run_address>0x6bac</run_address>
         <size>0x74</size>
         <input_file_ref idref="fl-4"/>
      </object_component>
      <object_component id="oc-331">
         <name>.text:prvInitialiseTaskLists</name>
         <load_address>0x6c20</load_address>
         <run_address>0x6c20</run_address>
         <size>0x74</size>
         <input_file_ref idref="fl-1a"/>
      </object_component>
      <object_component id="oc-846">
         <name>.text:PrintData</name>
         <load_address>0x6c94</load_address>
         <run_address>0x6c94</run_address>
         <size>0x70</size>
         <input_file_ref idref="fl-6"/>
      </object_component>
      <object_component id="oc-3fa">
         <name>.text:PrintLog</name>
         <load_address>0x6d04</load_address>
         <run_address>0x6d04</run_address>
         <size>0x70</size>
         <input_file_ref idref="fl-6"/>
      </object_component>
      <object_component id="oc-466">
         <name>.text:PrintSettingContext</name>
         <load_address>0x6d74</load_address>
         <run_address>0x6d74</run_address>
         <size>0x70</size>
         <input_file_ref idref="fl-c"/>
      </object_component>
      <object_component id="oc-484">
         <name>.text:PrintSystem</name>
         <load_address>0x6de4</load_address>
         <run_address>0x6de4</run_address>
         <size>0x70</size>
         <input_file_ref idref="fl-6"/>
      </object_component>
      <object_component id="oc-86">
         <name>.text</name>
         <load_address>0x6e54</load_address>
         <run_address>0x6e54</run_address>
         <size>0x70</size>
         <input_file_ref idref="fl-f1"/>
      </object_component>
      <object_component id="oc-50e">
         <name>.text:vPortFree</name>
         <load_address>0x6ec4</load_address>
         <run_address>0x6ec4</run_address>
         <size>0x70</size>
         <input_file_ref idref="fl-1d"/>
      </object_component>
      <object_component id="oc-24a">
         <name>.text:xQueueGenericCreate</name>
         <load_address>0x6f34</load_address>
         <run_address>0x6f34</run_address>
         <size>0x70</size>
         <input_file_ref idref="fl-19"/>
      </object_component>
      <object_component id="oc-5a8">
         <name>.text:setCursorPositionLCD</name>
         <load_address>0x6fa4</load_address>
         <run_address>0x6fa4</run_address>
         <size>0x6e</size>
         <input_file_ref idref="fl-1e"/>
      </object_component>
      <object_component id="oc-169">
         <name>.text:ConfigureSPI</name>
         <load_address>0x7014</load_address>
         <run_address>0x7014</run_address>
         <size>0x6c</size>
         <input_file_ref idref="fl-9"/>
      </object_component>
      <object_component id="oc-163">
         <name>.text:UnlockPins</name>
         <load_address>0x7080</load_address>
         <run_address>0x7080</run_address>
         <size>0x6c</size>
         <input_file_ref idref="fl-a"/>
      </object_component>
      <object_component id="oc-412">
         <name>.text:vTaskDelay</name>
         <load_address>0x70ec</load_address>
         <run_address>0x70ec</run_address>
         <size>0x6c</size>
         <input_file_ref idref="fl-1a"/>
      </object_component>
      <object_component id="oc-2a0">
         <name>.text:IntEnable</name>
         <load_address>0x7158</load_address>
         <run_address>0x7158</run_address>
         <size>0x68</size>
         <input_file_ref idref="fl-105"/>
      </object_component>
      <object_component id="oc-157">
         <name>.text:StartPeripherals</name>
         <load_address>0x71c0</load_address>
         <run_address>0x71c0</run_address>
         <size>0x68</size>
         <input_file_ref idref="fl-a"/>
      </object_component>
      <object_component id="oc-12">
         <name>.text:decompress:lzss</name>
         <load_address>0x7228</load_address>
         <run_address>0x7228</run_address>
         <size>0x68</size>
         <input_file_ref idref="fl-db"/>
      </object_component>
      <object_component id="oc-4b4">
         <name>.text:prvCheckTasksWaitingTermination</name>
         <load_address>0x7290</load_address>
         <run_address>0x7290</run_address>
         <size>0x68</size>
         <input_file_ref idref="fl-1a"/>
      </object_component>
      <object_component id="oc-635">
         <name>.text:vTaskPlaceOnEventList</name>
         <load_address>0x72f8</load_address>
         <run_address>0x72f8</run_address>
         <size>0x68</size>
         <input_file_ref idref="fl-1a"/>
      </object_component>
      <object_component id="oc-7dd">
         <name>.text:vListInsert</name>
         <load_address>0x7360</load_address>
         <run_address>0x7360</run_address>
         <size>0x66</size>
         <input_file_ref idref="fl-18"/>
      </object_component>
      <object_component id="oc-5dc">
         <name>.text:ADCReset</name>
         <load_address>0x73c8</load_address>
         <run_address>0x73c8</run_address>
         <size>0x64</size>
         <input_file_ref idref="fl-e"/>
      </object_component>
      <object_component id="oc-8d5">
         <name>.text</name>
         <load_address>0x742c</load_address>
         <run_address>0x742c</run_address>
         <size>0x64</size>
         <input_file_ref idref="fl-fd"/>
      </object_component>
      <object_component id="oc-7c4">
         <name>.text:ADCSendCMD</name>
         <load_address>0x7490</load_address>
         <run_address>0x7490</run_address>
         <size>0x60</size>
         <input_file_ref idref="fl-e"/>
      </object_component>
      <object_component id="oc-926">
         <name>.text:SetMux</name>
         <load_address>0x74f0</load_address>
         <run_address>0x74f0</run_address>
         <size>0x60</size>
         <input_file_ref idref="fl-7"/>
      </object_component>
      <object_component id="oc-28e">
         <name>.text:TimerConfigure</name>
         <load_address>0x7550</load_address>
         <run_address>0x7550</run_address>
         <size>0x60</size>
         <input_file_ref idref="fl-109"/>
      </object_component>
      <object_component id="oc-5b4">
         <name>.text</name>
         <load_address>0x75b0</load_address>
         <run_address>0x75b0</run_address>
         <size>0x60</size>
         <input_file_ref idref="fl-e5"/>
      </object_component>
      <object_component id="oc-319">
         <name>.text:prvAllocateTCBAndStack</name>
         <load_address>0x7610</load_address>
         <run_address>0x7610</run_address>
         <size>0x5e</size>
         <input_file_ref idref="fl-1a"/>
      </object_component>
      <object_component id="oc-1a3">
         <name>.text:UARTwrite2</name>
         <load_address>0x7670</load_address>
         <run_address>0x7670</run_address>
         <size>0x5c</size>
         <input_file_ref idref="fl-4"/>
      </object_component>
      <object_component id="oc-19d">
         <name>.text:UARTwrite</name>
         <load_address>0x76cc</load_address>
         <run_address>0x76cc</run_address>
         <size>0x5c</size>
         <input_file_ref idref="fl-4"/>
      </object_component>
      <object_component id="oc-644">
         <name>.text:prvAddCurrentTaskToDelayedList</name>
         <load_address>0x7728</load_address>
         <run_address>0x7728</run_address>
         <size>0x5c</size>
         <input_file_ref idref="fl-1a"/>
      </object_component>
      <object_component id="oc-325">
         <name>.text:pxPortInitialiseStack</name>
         <load_address>0x7784</load_address>
         <run_address>0x7784</run_address>
         <size>0x5c</size>
         <input_file_ref idref="fl-1b"/>
      </object_component>
      <object_component id="oc-17b">
         <name>.text:StartHighFrequencyTimer</name>
         <load_address>0x77e0</load_address>
         <run_address>0x77e0</run_address>
         <size>0x58</size>
         <input_file_ref idref="fl-a"/>
      </object_component>
      <object_component id="oc-24">
         <name>.text</name>
         <load_address>0x7838</load_address>
         <run_address>0x7838</run_address>
         <size>0x54</size>
         <input_file_ref idref="fl-da"/>
      </object_component>
      <object_component id="oc-92">
         <name>.text</name>
         <load_address>0x788c</load_address>
         <run_address>0x788c</run_address>
         <size>0x54</size>
         <input_file_ref idref="fl-de"/>
      </object_component>
      <object_component id="oc-8c5">
         <name>.text</name>
         <load_address>0x78e0</load_address>
         <run_address>0x78e0</run_address>
         <size>0x54</size>
         <input_file_ref idref="fl-fb"/>
      </object_component>
      <object_component id="oc-f1">
         <name>.text:main</name>
         <load_address>0x7934</load_address>
         <run_address>0x7934</run_address>
         <size>0x50</size>
         <input_file_ref idref="fl-a"/>
      </object_component>
      <object_component id="oc-4e0">
         <name>.text:prvHeapInit</name>
         <load_address>0x7984</load_address>
         <run_address>0x7984</run_address>
         <size>0x50</size>
         <input_file_ref idref="fl-1d"/>
      </object_component>
      <object_component id="oc-64b">
         <name>.text:prvTaskIsTaskSuspended</name>
         <load_address>0x79d4</load_address>
         <run_address>0x79d4</run_address>
         <size>0x50</size>
         <input_file_ref idref="fl-1a"/>
      </object_component>
      <object_component id="oc-45a">
         <name>.text:HandleLogicReading</name>
         <load_address>0x7a24</load_address>
         <run_address>0x7a24</run_address>
         <size>0x4c</size>
         <input_file_ref idref="fl-15"/>
      </object_component>
      <object_component id="oc-8e7">
         <name>.text</name>
         <load_address>0x7a70</load_address>
         <run_address>0x7a70</run_address>
         <size>0x4c</size>
         <input_file_ref idref="fl-f0"/>
      </object_component>
      <object_component id="oc-e3">
         <name>.text</name>
         <load_address>0x7abc</load_address>
         <run_address>0x7abc</run_address>
         <size>0x4c</size>
         <input_file_ref idref="fl-f2"/>
      </object_component>
      <object_component id="oc-20c">
         <name>.text:GPIOPinConfigure</name>
         <load_address>0x7b08</load_address>
         <run_address>0x7b08</run_address>
         <size>0x48</size>
         <input_file_ref idref="fl-104"/>
      </object_component>
      <object_component id="oc-8c0">
         <name>.text</name>
         <load_address>0x7b50</load_address>
         <run_address>0x7b50</run_address>
         <size>0x48</size>
         <input_file_ref idref="fl-f8"/>
      </object_component>
      <object_component id="oc-607">
         <name>.text</name>
         <load_address>0x7b98</load_address>
         <run_address>0x7b98</run_address>
         <size>0x48</size>
         <input_file_ref idref="fl-ec"/>
      </object_component>
      <object_component id="oc-578">
         <name>.text:sendByte</name>
         <load_address>0x7be0</load_address>
         <run_address>0x7be0</run_address>
         <size>0x48</size>
         <input_file_ref idref="fl-1e"/>
      </object_component>
      <object_component id="oc-12c">
         <name>.text:uxListRemove</name>
         <load_address>0x7c28</load_address>
         <run_address>0x7c28</run_address>
         <size>0x48</size>
         <input_file_ref idref="fl-18"/>
      </object_component>
      <object_component id="oc-36e">
         <name>.text:createCharLCD</name>
         <load_address>0x7c70</load_address>
         <run_address>0x7c70</run_address>
         <size>0x46</size>
         <input_file_ref idref="fl-1e"/>
      </object_component>
      <object_component id="oc-2b3">
         <name>.text:xPortStartScheduler</name>
         <load_address>0x7cb8</load_address>
         <run_address>0x7cb8</run_address>
         <size>0x44</size>
         <input_file_ref idref="fl-1b"/>
      </object_component>
      <object_component id="oc-454">
         <name>.text:HandleContReading</name>
         <load_address>0x7cfc</load_address>
         <run_address>0x7cfc</run_address>
         <size>0x42</size>
         <input_file_ref idref="fl-12"/>
      </object_component>
      <object_component id="oc-44e">
         <name>.text:HandleResistanceReading</name>
         <load_address>0x7d3e</load_address>
         <run_address>0x7d3e</run_address>
         <size>0x42</size>
         <input_file_ref idref="fl-16"/>
      </object_component>
      <object_component id="oc-660">
         <name>.text:ScreenBot</name>
         <load_address>0x7d80</load_address>
         <run_address>0x7d80</run_address>
         <size>0x42</size>
         <input_file_ref idref="fl-8"/>
      </object_component>
      <object_component id="oc-472">
         <name>.text:PrintRelayContext</name>
         <load_address>0x7dc4</load_address>
         <run_address>0x7dc4</run_address>
         <size>0x40</size>
         <input_file_ref idref="fl-c"/>
      </object_component>
      <object_component id="oc-1a9">
         <name>.text</name>
         <load_address>0x7e04</load_address>
         <run_address>0x7e04</run_address>
         <size>0x40</size>
         <input_file_ref idref="fl-eb"/>
      </object_component>
      <object_component id="oc-65a">
         <name>.text:ScreenTop</name>
         <load_address>0x7e44</load_address>
         <run_address>0x7e44</run_address>
         <size>0x3e</size>
         <input_file_ref idref="fl-8"/>
      </object_component>
      <object_component id="oc-21e">
         <name>.text:SSIConfigSetExpClk</name>
         <load_address>0x7e82</load_address>
         <run_address>0x7e82</run_address>
         <size>0x3c</size>
         <input_file_ref idref="fl-107"/>
      </object_component>
      <object_component id="oc-611">
         <name>.text:prvCopyDataFromQueue</name>
         <load_address>0x7ebe</load_address>
         <run_address>0x7ebe</run_address>
         <size>0x3c</size>
         <input_file_ref idref="fl-19"/>
      </object_component>
      <object_component id="oc-126">
         <name>.text:prvResetNextTaskUnblockTime</name>
         <load_address>0x7efc</load_address>
         <run_address>0x7efc</run_address>
         <size>0x3c</size>
         <input_file_ref idref="fl-1a"/>
      </object_component>
      <object_component id="oc-132">
         <name>.text:vListInsertEnd</name>
         <load_address>0x7f38</load_address>
         <run_address>0x7f38</run_address>
         <size>0x3c</size>
         <input_file_ref idref="fl-18"/>
      </object_component>
      <object_component id="oc-424">
         <name>.text:SystemChangeLocation</name>
         <load_address>0x7f74</load_address>
         <run_address>0x7f74</run_address>
         <size>0x38</size>
         <input_file_ref idref="fl-c"/>
      </object_component>
      <object_component id="oc-841">
         <name>.text</name>
         <load_address>0x7fac</load_address>
         <run_address>0x7fac</run_address>
         <size>0x38</size>
         <input_file_ref idref="fl-df"/>
      </object_component>
      <object_component id="oc-7ee">
         <name>.text</name>
         <load_address>0x7fe4</load_address>
         <run_address>0x7fe4</run_address>
         <size>0x36</size>
         <input_file_ref idref="fl-ea"/>
      </object_component>
      <object_component id="oc-828">
         <name>.text:LogicUnload</name>
         <load_address>0x801c</load_address>
         <run_address>0x801c</run_address>
         <size>0x34</size>
         <input_file_ref idref="fl-15"/>
      </object_component>
      <object_component id="oc-206">
         <name>.text:SysCtlPeripheralEnable</name>
         <load_address>0x8050</load_address>
         <run_address>0x8050</run_address>
         <size>0x34</size>
         <input_file_ref idref="fl-108"/>
      </object_component>
      <object_component id="oc-262">
         <name>.text:BaseHandlerInit</name>
         <load_address>0x8084</load_address>
         <run_address>0x8084</run_address>
         <size>0x30</size>
         <input_file_ref idref="fl-14"/>
      </object_component>
      <object_component id="oc-41e">
         <name>.text:ScreenRestore</name>
         <load_address>0x80b4</load_address>
         <run_address>0x80b4</run_address>
         <size>0x30</size>
         <input_file_ref idref="fl-8"/>
      </object_component>
      <object_component id="oc-500">
         <name>.text:vListInitialise</name>
         <load_address>0x80e4</load_address>
         <run_address>0x80e4</run_address>
         <size>0x30</size>
         <input_file_ref idref="fl-18"/>
      </object_component>
      <object_component id="oc-989">
         <name>.text:prvTaskCheckFreeStackSpace</name>
         <load_address>0x8114</load_address>
         <run_address>0x8114</run_address>
         <size>0x2e</size>
         <input_file_ref idref="fl-1a"/>
      </object_component>
      <object_component id="oc-8cb">
         <name>.text</name>
         <load_address>0x8142</load_address>
         <run_address>0x8142</run_address>
         <size>0x2e</size>
         <input_file_ref idref="fl-fa"/>
      </object_component>
      <object_component id="oc-5e8">
         <name>.text:DelayMSec</name>
         <load_address>0x8170</load_address>
         <run_address>0x8170</run_address>
         <size>0x2c</size>
         <input_file_ref idref="fl-d"/>
      </object_component>
      <object_component id="oc-5d6">
         <name>.text:DelayUSec</name>
         <load_address>0x819c</load_address>
         <run_address>0x819c</run_address>
         <size>0x2c</size>
         <input_file_ref idref="fl-d"/>
      </object_component>
      <object_component id="oc-48">
         <name>.text:xPortSysTickHandler</name>
         <load_address>0x81c8</load_address>
         <run_address>0x81c8</run_address>
         <size>0x2c</size>
         <input_file_ref idref="fl-1b"/>
      </object_component>
      <object_component id="oc-11c">
         <name>.text:vApplicationStackOverflowHook</name>
         <load_address>0x81f4</load_address>
         <run_address>0x81f4</run_address>
         <size>0x2b</size>
         <input_file_ref idref="fl-a"/>
      </object_component>
      <object_component id="oc-89d">
         <name>.text:AreIdentical</name>
         <load_address>0x8220</load_address>
         <run_address>0x8220</run_address>
         <size>0x2a</size>
         <input_file_ref idref="fl-5"/>
      </object_component>
      <object_component id="oc-2f2">
         <name>.text:GPIODirModeSet</name>
         <load_address>0x824a</load_address>
         <run_address>0x824a</run_address>
         <size>0x2a</size>
         <input_file_ref idref="fl-104"/>
      </object_component>
      <object_component id="oc-5ee">
         <name>.text:ADCCalibrate</name>
         <load_address>0x8274</load_address>
         <run_address>0x8274</run_address>
         <size>0x28</size>
         <input_file_ref idref="fl-e"/>
      </object_component>
      <object_component id="oc-430">
         <name>.text:ScreenClear</name>
         <load_address>0x829c</load_address>
         <run_address>0x829c</run_address>
         <size>0x28</size>
         <input_file_ref idref="fl-8"/>
      </object_component>
      <object_component id="oc-5ae">
         <name>.text:printLCD</name>
         <load_address>0x82c4</load_address>
         <run_address>0x82c4</run_address>
         <size>0x28</size>
         <input_file_ref idref="fl-1e"/>
      </object_component>
      <object_component id="oc-572">
         <name>.text:pulseLCD</name>
         <load_address>0x82ec</load_address>
         <run_address>0x82ec</run_address>
         <size>0x28</size>
         <input_file_ref idref="fl-1e"/>
      </object_component>
      <object_component id="oc-75c">
         <name>.text:prvIsQueueFull</name>
         <load_address>0x8314</load_address>
         <run_address>0x8314</run_address>
         <size>0x26</size>
         <input_file_ref idref="fl-19"/>
      </object_component>
      <object_component id="oc-294">
         <name>.text:IntPrioritySet</name>
         <load_address>0x833c</load_address>
         <run_address>0x833c</run_address>
         <size>0x24</size>
         <input_file_ref idref="fl-105"/>
      </object_component>
      <object_component id="oc-9d">
         <name>.text:UARTprintf</name>
         <load_address>0x8360</load_address>
         <run_address>0x8360</run_address>
         <size>0x24</size>
         <input_file_ref idref="fl-4"/>
      </object_component>
      <object_component id="oc-32b">
         <name>.text:vPortEnterCritical</name>
         <load_address>0x8384</load_address>
         <run_address>0x8384</run_address>
         <size>0x24</size>
         <input_file_ref idref="fl-1b"/>
      </object_component>
      <object_component id="oc-61d">
         <name>.text:vTaskSetTimeOutState</name>
         <load_address>0x83a8</load_address>
         <run_address>0x83a8</run_address>
         <size>0x24</size>
         <input_file_ref idref="fl-1a"/>
      </object_component>
      <object_component id="oc-3d">
         <name>.text:IntDefaultHandler</name>
         <load_address>0x83cc</load_address>
         <run_address>0x83cc</run_address>
         <size>0x22</size>
         <input_file_ref idref="fl-b"/>
      </object_component>
      <object_component id="oc-386">
         <name>.text:PWMGenConfigure</name>
         <load_address>0x83ee</load_address>
         <run_address>0x83ee</run_address>
         <size>0x22</size>
         <input_file_ref idref="fl-106"/>
      </object_component>
      <object_component id="oc-22a">
         <name>.text:ClearSPIIn</name>
         <load_address>0x8410</load_address>
         <run_address>0x8410</run_address>
         <size>0x20</size>
         <input_file_ref idref="fl-9"/>
      </object_component>
      <object_component id="oc-7bc">
         <name>.text:ClearSPIOut</name>
         <load_address>0x8430</load_address>
         <run_address>0x8430</run_address>
         <size>0x20</size>
         <input_file_ref idref="fl-9"/>
      </object_component>
      <object_component id="oc-629">
         <name>.text:prvIsQueueEmpty</name>
         <load_address>0x8450</load_address>
         <run_address>0x8450</run_address>
         <size>0x20</size>
         <input_file_ref idref="fl-19"/>
      </object_component>
      <object_component id="oc-7b6">
         <name>.text:AwaitDRDY</name>
         <load_address>0x8470</load_address>
         <run_address>0x8470</run_address>
         <size>0x1e</size>
         <input_file_ref idref="fl-e"/>
      </object_component>
      <object_component id="oc-392">
         <name>.text:PWMPulseWidthSet</name>
         <load_address>0x848e</load_address>
         <run_address>0x848e</run_address>
         <size>0x1e</size>
         <input_file_ref idref="fl-106"/>
      </object_component>
      <object_component id="oc-23d">
         <name>.text:ConfigureMux</name>
         <load_address>0x84ac</load_address>
         <run_address>0x84ac</run_address>
         <size>0x1c</size>
         <input_file_ref idref="fl-7"/>
      </object_component>
      <object_component id="oc-86c">
         <name>.text:Enter10CurrentRange</name>
         <load_address>0x84c8</load_address>
         <run_address>0x84c8</run_address>
         <size>0x1c</size>
         <input_file_ref idref="fl-13"/>
      </object_component>
      <object_component id="oc-84e">
         <name>.text:Enter12VRange</name>
         <load_address>0x84e4</load_address>
         <run_address>0x84e4</run_address>
         <size>0x1c</size>
         <input_file_ref idref="fl-17"/>
      </object_component>
      <object_component id="oc-85a">
         <name>.text:Enter1VRange</name>
         <load_address>0x8500</load_address>
         <run_address>0x8500</run_address>
         <size>0x1c</size>
         <input_file_ref idref="fl-17"/>
      </object_component>
      <object_component id="oc-866">
         <name>.text:Enter200CurrentRange</name>
         <load_address>0x851c</load_address>
         <run_address>0x851c</run_address>
         <size>0x1c</size>
         <input_file_ref idref="fl-13"/>
      </object_component>
      <object_component id="oc-854">
         <name>.text:Enter5VRange</name>
         <load_address>0x8538</load_address>
         <run_address>0x8538</run_address>
         <size>0x1c</size>
         <input_file_ref idref="fl-17"/>
      </object_component>
      <object_component id="oc-4e">
         <name>.text:Timer0IntHandler</name>
         <load_address>0x8554</load_address>
         <run_address>0x8554</run_address>
         <size>0x1c</size>
         <input_file_ref idref="fl-a"/>
      </object_component>
      <object_component id="oc-54a">
         <name>.text:UARTcharAvail2</name>
         <load_address>0x8570</load_address>
         <run_address>0x8570</run_address>
         <size>0x1c</size>
         <input_file_ref idref="fl-4"/>
      </object_component>
      <object_component id="oc-55e">
         <name>.text:UARTcharAvail</name>
         <load_address>0x858c</load_address>
         <run_address>0x858c</run_address>
         <size>0x1c</size>
         <input_file_ref idref="fl-4"/>
      </object_component>
      <object_component id="oc-550">
         <name>.text:UARTgetc2</name>
         <load_address>0x85a8</load_address>
         <run_address>0x85a8</run_address>
         <size>0x1c</size>
         <input_file_ref idref="fl-4"/>
      </object_component>
      <object_component id="oc-564">
         <name>.text:UARTgetc</name>
         <load_address>0x85c4</load_address>
         <run_address>0x85c4</run_address>
         <size>0x1c</size>
         <input_file_ref idref="fl-4"/>
      </object_component>
      <object_component id="oc-374">
         <name>.text:clearLCD</name>
         <load_address>0x85e0</load_address>
         <run_address>0x85e0</run_address>
         <size>0x1c</size>
         <input_file_ref idref="fl-1e"/>
      </object_component>
      <object_component id="oc-617">
         <name>.text:pvTaskIncrementMutexHeldCount</name>
         <load_address>0x85fc</load_address>
         <run_address>0x85fc</run_address>
         <size>0x1c</size>
         <input_file_ref idref="fl-1a"/>
      </object_component>
      <object_component id="oc-8ed">
         <name>.text</name>
         <load_address>0x8618</load_address>
         <run_address>0x8618</run_address>
         <size>0x1c</size>
         <input_file_ref idref="fl-fc"/>
      </object_component>
      <object_component id="oc-337">
         <name>.text:vPortExitCritical</name>
         <load_address>0x8634</load_address>
         <run_address>0x8634</run_address>
         <size>0x1c</size>
         <input_file_ref idref="fl-1b"/>
      </object_component>
      <object_component id="oc-666">
         <name>.text:ADCDecreaseSampling</name>
         <load_address>0x8650</load_address>
         <run_address>0x8650</run_address>
         <size>0x18</size>
         <input_file_ref idref="fl-2"/>
      </object_component>
      <object_component id="oc-66c">
         <name>.text:ADCIncreaseSampling</name>
         <load_address>0x8668</load_address>
         <run_address>0x8668</run_address>
         <size>0x18</size>
         <input_file_ref idref="fl-2"/>
      </object_component>
      <object_component id="oc-37">
         <name>.text:FaultISR</name>
         <load_address>0x8680</load_address>
         <run_address>0x8680</run_address>
         <size>0x18</size>
         <input_file_ref idref="fl-b"/>
      </object_component>
      <object_component id="oc-231">
         <name>.text:GPIOPinTypeGPIOOutput</name>
         <load_address>0x8698</load_address>
         <run_address>0x8698</run_address>
         <size>0x18</size>
         <input_file_ref idref="fl-104"/>
      </object_component>
      <object_component id="oc-6fb">
         <name>.text:GetRelayState</name>
         <load_address>0x86b0</load_address>
         <run_address>0x86b0</run_address>
         <size>0x18</size>
         <input_file_ref idref="fl-7"/>
      </object_component>
      <object_component id="oc-31">
         <name>.text:NmiSR</name>
         <load_address>0x86c8</load_address>
         <run_address>0x86c8</run_address>
         <size>0x18</size>
         <input_file_ref idref="fl-b"/>
      </object_component>
      <object_component id="oc-907">
         <name>.text:SelectADC</name>
         <load_address>0x86e0</load_address>
         <run_address>0x86e0</run_address>
         <size>0x18</size>
         <input_file_ref idref="fl-d"/>
      </object_component>
      <object_component id="oc-8c">
         <name>.text</name>
         <load_address>0x86f8</load_address>
         <run_address>0x86f8</run_address>
         <size>0x18</size>
         <input_file_ref idref="fl-ef"/>
      </object_component>
      <object_component id="oc-94a">
         <name>.text</name>
         <load_address>0x8710</load_address>
         <run_address>0x8710</run_address>
         <size>0x18</size>
         <input_file_ref idref="fl-e7"/>
      </object_component>
      <object_component id="oc-4aa">
         <name>.text:vPortSetupTimerInterrupt</name>
         <load_address>0x8728</load_address>
         <run_address>0x8728</run_address>
         <size>0x18</size>
         <input_file_ref idref="fl-1b"/>
      </object_component>
      <object_component id="oc-8e1">
         <name>.text</name>
         <load_address>0x8740</load_address>
         <run_address>0x8740</run_address>
         <size>0x16</size>
         <input_file_ref idref="fl-100"/>
      </object_component>
      <object_component id="oc-816">
         <name>.text:CurrentDCLoad</name>
         <load_address>0x8758</load_address>
         <run_address>0x8758</run_address>
         <size>0x14</size>
         <input_file_ref idref="fl-13"/>
      </object_component>
      <object_component id="oc-79a">
         <name>.text:DeselectADC</name>
         <load_address>0x876c</load_address>
         <run_address>0x876c</run_address>
         <size>0x14</size>
         <input_file_ref idref="fl-d"/>
      </object_component>
      <object_component id="oc-478">
         <name>.text:GetScreen</name>
         <load_address>0x8780</load_address>
         <run_address>0x8780</run_address>
         <size>0x14</size>
         <input_file_ref idref="fl-8"/>
      </object_component>
      <object_component id="oc-765">
         <name>.text:IsCommand</name>
         <load_address>0x8794</load_address>
         <run_address>0x8794</run_address>
         <size>0x14</size>
         <input_file_ref idref="fl-5"/>
      </object_component>
      <object_component id="oc-5c4">
         <name>.text:ResetHigh</name>
         <load_address>0x87a8</load_address>
         <run_address>0x87a8</run_address>
         <size>0x14</size>
         <input_file_ref idref="fl-e"/>
      </object_component>
      <object_component id="oc-40c">
         <name>.text:ScreenOff</name>
         <load_address>0x87bc</load_address>
         <run_address>0x87bc</run_address>
         <size>0x14</size>
         <input_file_ref idref="fl-8"/>
      </object_component>
      <object_component id="oc-5d0">
         <name>.text:StartHigh</name>
         <load_address>0x87d0</load_address>
         <run_address>0x87d0</run_address>
         <size>0x14</size>
         <input_file_ref idref="fl-e"/>
      </object_component>
      <object_component id="oc-37a">
         <name>.text:SysCtlPWMClockSet</name>
         <load_address>0x87e4</load_address>
         <run_address>0x87e4</run_address>
         <size>0x14</size>
         <input_file_ref idref="fl-108"/>
      </object_component>
      <object_component id="oc-80a">
         <name>.text:VoltageACLoad</name>
         <load_address>0x87f8</load_address>
         <run_address>0x87f8</run_address>
         <size>0x14</size>
         <input_file_ref idref="fl-17"/>
      </object_component>
      <object_component id="oc-7fe">
         <name>.text:VoltageDCLoad</name>
         <load_address>0x880c</load_address>
         <run_address>0x880c</run_address>
         <size>0x14</size>
         <input_file_ref idref="fl-17"/>
      </object_component>
      <object_component id="oc-726">
         <name>.text:prvDeleteTCB</name>
         <load_address>0x8820</load_address>
         <run_address>0x8820</run_address>
         <size>0x14</size>
         <input_file_ref idref="fl-1a"/>
      </object_component>
      <object_component id="oc-191">
         <name>.text</name>
         <load_address>0x8834</load_address>
         <run_address>0x8834</run_address>
         <size>0x14</size>
         <input_file_ref idref="fl-ed"/>
      </object_component>
      <object_component id="oc-962">
         <name>.text</name>
         <load_address>0x8848</load_address>
         <run_address>0x8848</run_address>
         <size>0x14</size>
         <input_file_ref idref="fl-103"/>
      </object_component>
      <object_component id="oc-5a2">
         <name>.text</name>
         <load_address>0x885c</load_address>
         <run_address>0x885c</run_address>
         <size>0x14</size>
         <input_file_ref idref="fl-e8"/>
      </object_component>
      <object_component id="oc-47e">
         <name>.text</name>
         <load_address>0x8870</load_address>
         <run_address>0x8870</run_address>
         <size>0x14</size>
         <input_file_ref idref="fl-e9"/>
      </object_component>
      <object_component id="oc-56c">
         <name>.text:setCmd</name>
         <load_address>0x8884</load_address>
         <run_address>0x8884</run_address>
         <size>0x14</size>
         <input_file_ref idref="fl-1e"/>
      </object_component>
      <object_component id="oc-77e">
         <name>.text:setData</name>
         <load_address>0x8898</load_address>
         <run_address>0x8898</run_address>
         <size>0x14</size>
         <input_file_ref idref="fl-1e"/>
      </object_component>
      <object_component id="oc-3f4">
         <name>.text:xTaskGetTickCount</name>
         <load_address>0x88ac</load_address>
         <run_address>0x88ac</run_address>
         <size>0x14</size>
         <input_file_ref idref="fl-1a"/>
      </object_component>
      <object_component id="oc-5be">
         <name>.text:GPIOPinTypeGPIOInput</name>
         <load_address>0x88c0</load_address>
         <run_address>0x88c0</run_address>
         <size>0x12</size>
         <input_file_ref idref="fl-104"/>
      </object_component>
      <object_component id="oc-380">
         <name>.text:GPIOPinTypePWM</name>
         <load_address>0x88d2</load_address>
         <run_address>0x88d2</run_address>
         <size>0x12</size>
         <input_file_ref idref="fl-104"/>
      </object_component>
      <object_component id="oc-212">
         <name>.text:GPIOPinTypeSSI</name>
         <load_address>0x88e4</load_address>
         <run_address>0x88e4</run_address>
         <size>0x12</size>
         <input_file_ref idref="fl-104"/>
      </object_component>
      <object_component id="oc-39e">
         <name>.text:PWMOutputState</name>
         <load_address>0x88f6</load_address>
         <run_address>0x88f6</run_address>
         <size>0x12</size>
         <input_file_ref idref="fl-106"/>
      </object_component>
      <object_component id="oc-29a">
         <name>.text:TimerLoadSet</name>
         <load_address>0x8908</load_address>
         <run_address>0x8908</run_address>
         <size>0x12</size>
         <input_file_ref idref="fl-109"/>
      </object_component>
      <object_component id="oc-910">
         <name>.text:DRDYState</name>
         <load_address>0x891a</load_address>
         <run_address>0x891a</run_address>
         <size>0x10</size>
         <input_file_ref idref="fl-e"/>
      </object_component>
      <object_component id="oc-38c">
         <name>.text:PWMGenPeriodSet</name>
         <load_address>0x892a</load_address>
         <run_address>0x892a</run_address>
         <size>0x10</size>
         <input_file_ref idref="fl-106"/>
      </object_component>
      <object_component id="oc-51c">
         <name>.text:prvTaskExitError</name>
         <load_address>0x893a</load_address>
         <run_address>0x893a</run_address>
         <size>0x10</size>
         <input_file_ref idref="fl-1b"/>
      </object_component>
      <object_component id="oc-515">
         <name>.text:vListInitialiseItem</name>
         <load_address>0x894a</load_address>
         <run_address>0x894a</run_address>
         <size>0x10</size>
         <input_file_ref idref="fl-18"/>
      </object_component>
      <object_component id="oc-4da">
         <name>.text:vTaskSuspendAll</name>
         <load_address>0x895c</load_address>
         <run_address>0x895c</run_address>
         <size>0x10</size>
         <input_file_ref idref="fl-1a"/>
      </object_component>
      <object_component id="oc-2ac">
         <name>.text:TimerEnable</name>
         <load_address>0x896c</load_address>
         <run_address>0x896c</run_address>
         <size>0xe</size>
         <input_file_ref idref="fl-109"/>
      </object_component>
      <object_component id="oc-18">
         <name>.text:decompress:none</name>
         <load_address>0x897a</load_address>
         <run_address>0x897a</run_address>
         <size>0xe</size>
         <input_file_ref idref="fl-dc"/>
      </object_component>
      <object_component id="oc-6f3">
         <name>.text:GetBrightness</name>
         <load_address>0x8988</load_address>
         <run_address>0x8988</run_address>
         <size>0xc</size>
         <input_file_ref idref="fl-8"/>
      </object_component>
      <object_component id="oc-92d">
         <name>.text:PWMGenDisable</name>
         <load_address>0x8994</load_address>
[...]
      <symbol id="sm-dec">
         <name>ulMaxSyscallInterruptPriority</name>
         <value>0x8d98</value>
         <object_component_ref idref="oc-a9"/>
      </symbol>
      <symbol id="sm-ded">
         <name>vPortSetupTimerInterrupt</name>
         <value>0x8729</value>
         <object_component_ref idref="oc-4aa"/>
      </symbol>
      <symbol id="sm-dee">
         <name>xPortSysTickHandler</name>
         <value>0x81c9</value>
         <object_component_ref idref="oc-48"/>
      </symbol>
      <symbol id="sm-def">
         <name>pxPortInitialiseStack</name>
         <value>0x7785</value>
         <object_component_ref idref="oc-325"/>
      </symbol>
      <symbol id="sm-df0">
         <name>vPortExitCritical</name>
         <value>0x8635</value>
         <object_component_ref idref="oc-337"/>
      </symbol>
      <symbol id="sm-df1">
         <name>xPortStartScheduler</name>
         <value>0x7cb9</value>
         <object_component_ref idref="oc-2b3"/>
      </symbol>
      <symbol id="sm-df2">
         <name>vPortEnterCritical</name>
         <value>0x8385</value>
         <object_component_ref idref="oc-32b"/>
      </symbol>
      <symbol id="sm-e01">
         <name>vPortStartFirstTask</name>
         <value>0x51e5</value>
         <object_component_ref idref="oc-43"/>
      </symbol>
      <symbol id="sm-e02">
         <name>ulPortGetIPSR</name>
         <value>0x514d</value>
         <object_component_ref idref="oc-43"/>
      </symbol>
      <symbol id="sm-e03">
         <name>vPortEnableVFP</name>
         <value>0x5201</value>
         <object_component_ref idref="oc-43"/>
      </symbol>
      <symbol id="sm-e04">
         <name>xPortPendSVHandler</name>
         <value>0x5165</value>
         <object_component_ref idref="oc-43"/>
      </symbol>
      <symbol id="sm-e05">
         <name>vPortSVCHandler</name>
         <value>0x51c5</value>
         <object_component_ref idref="oc-43"/>
      </symbol>
      <symbol id="sm-e66">
         <name>pvPortMalloc</name>
         <value>0x3ea5</value>
         <object_component_ref idref="oc-309"/>
      </symbol>
      <symbol id="sm-e67">
         <name>vPortFree</name>
         <value>0x6ec5</value>
         <object_component_ref idref="oc-50e"/>
      </symbol>
      <symbol id="sm-ed5">
         <name>clearLCD</name>
         <value>0x85e1</value>
         <object_component_ref idref="oc-374"/>
      </symbol>
      <symbol id="sm-ed6">
         <name>setCursorPositionLCD</name>
         <value>0x6fa5</value>
         <object_component_ref idref="oc-5a8"/>
      </symbol>
      <symbol id="sm-ed7">
         <name>cursorOffLCD</name>
         <value>0x89b9</value>
         <object_component_ref idref="oc-57e"/>
      </symbol>
      <symbol id="sm-ed8">
         <name>printLCD</name>
         <value>0x82c5</value>
         <object_component_ref idref="oc-5ae"/>
      </symbol>
      <symbol id="sm-ed9">
         <name>pulseLCD</name>
         <value>0x82ed</value>
         <object_component_ref idref="oc-572"/>
      </symbol>
      <symbol id="sm-eda">
         <name>sendByte</name>
         <value>0x7be1</value>
         <object_component_ref idref="oc-578"/>
      </symbol>
      <symbol id="sm-edb">
         <name>setData</name>
         <value>0x8899</value>
         <object_component_ref idref="oc-77e"/>
      </symbol>
      <symbol id="sm-edc">
         <name>initLCD</name>
         <value>0x62b9</value>
         <object_component_ref idref="oc-368"/>
      </symbol>
      <symbol id="sm-edd">
         <name>setCmd</name>
         <value>0x8885</value>
         <object_component_ref idref="oc-56c"/>
      </symbol>
      <symbol id="sm-ede">
         <name>createCharLCD</name>
         <value>0x7c71</value>
         <object_component_ref idref="oc-36e"/>
      </symbol>
      <symbol id="sm-ef0">
         <name>_c_int00</name>
         <value>0x7839</value>
         <object_component_ref idref="oc-24"/>
      </symbol>
      <symbol id="sm-ef1">
         <name>__stack</name>
         <value>0x200079e8</value>
         <object_component_ref idref="oc-2a"/>
      </symbol>
      <symbol id="sm-f0f">
         <name>__TI_decompress_lzss</name>
         <value>0x7229</value>
         <object_component_ref idref="oc-12"/>
      </symbol>
      <symbol id="sm-f26">
         <name>__TI_decompress_none</name>
         <value>0x897b</value>
         <object_component_ref idref="oc-18"/>
      </symbol>
      <symbol id="sm-f38">
         <name>__TI_zero_init</name>
         <value>0x89c5</value>
         <object_component_ref idref="oc-1e"/>
      </symbol>
      <symbol id="sm-f59">
         <name>C$$EXIT</name>
         <value>0x788d</value>
         <object_component_ref idref="oc-92"/>
      </symbol>
      <symbol id="sm-f5a">
         <name>abort</name>
         <value>0x7891</value>
         <object_component_ref idref="oc-92"/>
      </symbol>
      <symbol id="sm-f5b">
         <name>exit</name>
         <value>0x7899</value>
         <object_component_ref idref="oc-92"/>
      </symbol>
      <symbol id="sm-f5c">
         <name>__TI_dtors_ptr</name>
         <value>0x200078e8</value>
         <object_component_ref idref="oc-f9"/>
      </symbol>
      <symbol id="sm-f5d">
         <name>__TI_cleanup_ptr</name>
         <value>0x200078e4</value>
         <object_component_ref idref="oc-f9"/>
      </symbol>
      <symbol id="sm-f5e">
         <name>__TI_enable_exit_profile_output</name>
         <value>0x200078ec</value>
         <object_component_ref idref="oc-f9"/>
      </symbol>
      <symbol id="sm-f69">
         <name>__aeabi_f2d</name>
         <value>0x7fad</value>
         <object_component_ref idref="oc-841"/>
      </symbol>
      <symbol id="sm-f85">
         <name>memcpy</name>
         <value>0x5ec9</value>
         <object_component_ref idref="oc-62"/>
      </symbol>
      <symbol id="sm-f86">
         <name>__aeabi_memcpy</name>
         <value>0x5ec9</value>
         <object_component_ref idref="oc-62"/>
      </symbol>
      <symbol id="sm-f87">
         <name>__aeabi_memcpy8</name>
         <value>0x5ec9</value>
         <object_component_ref idref="oc-62"/>
      </symbol>
      <symbol id="sm-f88">
         <name>__aeabi_memcpy4</name>
         <value>0x5ec9</value>
         <object_component_ref idref="oc-62"/>
      </symbol>
      <symbol id="sm-f97">
         <name>__aeabi_memset</name>
         <value>0x686b</value>
         <object_component_ref idref="oc-6e"/>
      </symbol>
      <symbol id="sm-f98">
         <name>memset</name>
         <value>0x6871</value>
         <object_component_ref idref="oc-6e"/>
      </symbol>
      <symbol id="sm-f99">
         <name>__aeabi_memset8</name>
         <value>0x686b</value>
         <object_component_ref idref="oc-6e"/>
      </symbol>
      <symbol id="sm-f9a">
         <name>__aeabi_memset4</name>
         <value>0x686b</value>
         <object_component_ref idref="oc-6e"/>
      </symbol>
      <symbol id="sm-f9b">
         <name>__aeabi_memclr8</name>
         <value>0x6869</value>
         <object_component_ref idref="oc-6e"/>
      </symbol>
      <symbol id="sm-f9c">
         <name>__aeabi_memclr4</name>
         <value>0x6869</value>
         <object_component_ref idref="oc-6e"/>
      </symbol>
      <symbol id="sm-f9d">
         <name>__aeabi_memclr</name>
         <value>0x6869</value>
         <object_component_ref idref="oc-6e"/>
      </symbol>
      <symbol id="sm-fa7">
         <name>__mpu_init</name>
         <value>0x53ab</value>
         <object_component_ref idref="oc-7a"/>
      </symbol>
      <symbol id="sm-fb1">
         <name>_system_pre_init</name>
         <value>0x8a59</value>
         <object_component_ref idref="oc-80"/>
      </symbol>
      <symbol id="sm-fca">
         <name>sprintf</name>
         <value>0x75b1</value>
         <object_component_ref idref="oc-5b4"/>
      </symbol>
      <symbol id="sm-fd2">
         <name>main_func_sp</name>
         <value>0x200079e0</value>
         <object_component_ref idref="oc-98"/>
      </symbol>
      <symbol id="sm-fe1">
         <name>strcmp</name>
         <value>0x8711</value>
         <object_component_ref idref="oc-94a"/>
      </symbol>
      <symbol id="sm-fef">
         <name>strcpy</name>
         <value>0x885d</value>
         <object_component_ref idref="oc-5a2"/>
      </symbol>
      <symbol id="sm-ffd">
         <name>strlen</name>
         <value>0x8871</value>
         <object_component_ref idref="oc-47e"/>
      </symbol>
      <symbol id="sm-100d">
         <name>strncpy</name>
         <value>0x7fe5</value>
         <object_component_ref idref="oc-7ee"/>
      </symbol>
      <symbol id="sm-101c">
         <name>__aeabi_uidivmod</name>
         <value>0x7e05</value>
         <object_component_ref idref="oc-1a9"/>
      </symbol>
      <symbol id="sm-101d">
         <name>__aeabi_uidiv</name>
         <value>0x7e05</value>
         <object_component_ref idref="oc-1a9"/>
      </symbol>
      <symbol id="sm-1031">
         <name>vsprintf</name>
         <value>0x7b99</value>
         <object_component_ref idref="oc-607"/>
      </symbol>
      <symbol id="sm-104a">
         <name>_nop</name>
         <value>0x8843</value>
         <object_component_ref idref="oc-191"/>
      </symbol>
      <symbol id="sm-104b">
         <name>_lock</name>
         <value>0x20007980</value>
         <object_component_ref idref="oc-fc"/>
      </symbol>
      <symbol id="sm-104c">
         <name>_unlock</name>
         <value>0x20007984</value>
         <object_component_ref idref="oc-fc"/>
      </symbol>
      <symbol id="sm-104d">
         <name>_register_lock</name>
         <value>0x883b</value>
         <object_component_ref idref="oc-191"/>
      </symbol>
      <symbol id="sm-104e">
         <name>_register_unlock</name>
         <value>0x8835</value>
         <object_component_ref idref="oc-191"/>
      </symbol>
      <symbol id="sm-114f">
         <name>__TI_printfi</name>
         <value>0xab1</value>
         <object_component_ref idref="oc-78e"/>
      </symbol>
      <symbol id="sm-1163">
         <name>_args_main</name>
         <value>0x86f9</value>
         <object_component_ref idref="oc-8c"/>
      </symbol>
      <symbol id="sm-1179">
         <name>atoi</name>
         <value>0x7a71</value>
         <object_component_ref idref="oc-8e7"/>
      </symbol>
      <symbol id="sm-11a3">
         <name>__TI_auto_init</name>
         <value>0x6e55</value>
         <object_component_ref idref="oc-86"/>
      </symbol>
      <symbol id="sm-11bd">
         <name>copy_in</name>
         <value>0x7abd</value>
         <object_component_ref idref="oc-e3"/>
      </symbol>
      <symbol id="sm-11c8">
         <name>_ctypes_</name>
         <value>0x8a5c</value>
         <object_component_ref idref="oc-96f"/>
      </symbol>
      <symbol id="sm-11df">
         <name>__aeabi_dsub</name>
         <value>0x29c5</value>
         <object_component_ref idref="oc-8d0"/>
      </symbol>
      <symbol id="sm-11e0">
         <name>__aeabi_dadd</name>
         <value>0x29cf</value>
         <object_component_ref idref="oc-8d0"/>
      </symbol>
      <symbol id="sm-1202">
         <name>__aeabi_cdcmpeq</name>
         <value>0x6459</value>
         <object_component_ref idref="oc-8ac"/>
      </symbol>
      <symbol id="sm-1203">
         <name>__aeabi_cdcmple</name>
         <value>0x6459</value>
         <object_component_ref idref="oc-8ac"/>
      </symbol>
      <symbol id="sm-1204">
         <name>__aeabi_cdrcmple</name>
         <value>0x64df</value>
         <object_component_ref idref="oc-8bb"/>
      </symbol>
      <symbol id="sm-1218">
         <name>__aeabi_ddiv</name>
         <value>0x38a9</value>
         <object_component_ref idref="oc-8b6"/>
      </symbol>
      <symbol id="sm-1223">
         <name>__aeabi_dmul</name>
         <value>0x4729</value>
         <object_component_ref idref="oc-8b1"/>
      </symbol>
      <symbol id="sm-122d">
         <name>__aeabi_d2iz</name>
         <value>0x7b51</value>
         <object_component_ref idref="oc-8c0"/>
      </symbol>
      <symbol id="sm-1237">
         <name>__aeabi_idiv0</name>
         <value>0x3d7b</value>
         <object_component_ref idref="oc-2ce"/>
      </symbol>
      <symbol id="sm-1241">
         <name>__aeabi_i2d</name>
         <value>0x8143</value>
         <object_component_ref idref="oc-8cb"/>
      </symbol>
      <symbol id="sm-1250">
         <name>ltoa</name>
         <value>0x78e1</value>
         <object_component_ref idref="oc-8c5"/>
      </symbol>
      <symbol id="sm-1260">
         <name>memccpy</name>
         <value>0x8619</value>
         <object_component_ref idref="oc-8ed"/>
      </symbol>
      <symbol id="sm-127b">
         <name>frexpl</name>
         <value>0x742d</value>
         <object_component_ref idref="oc-8d5"/>
      </symbol>
      <symbol id="sm-127c">
         <name>frexp</name>
         <value>0x742d</value>
         <object_component_ref idref="oc-8d5"/>
      </symbol>
      <symbol id="sm-1299">
         <name>scalbn</name>
         <value>0x4825</value>
         <object_component_ref idref="oc-8db"/>
      </symbol>
      <symbol id="sm-129a">
         <name>scalbnl</name>
         <value>0x4825</value>
         <object_component_ref idref="oc-8db"/>
      </symbol>
      <symbol id="sm-129b">
         <name>ldexpl</name>
         <value>0x4825</value>
         <object_component_ref idref="oc-8db"/>
      </symbol>
      <symbol id="sm-129c">
         <name>ldexp</name>
         <value>0x4825</value>
         <object_component_ref idref="oc-8db"/>
      </symbol>
      <symbol id="sm-12a6">
         <name>_system_post_cinit</name>
         <value>0x66ef</value>
         <object_component_ref idref="oc-e9"/>
      </symbol>
      <symbol id="sm-12b6">
         <name>strchr</name>
         <value>0x8741</value>
         <object_component_ref idref="oc-8e1"/>
      </symbol>
      <symbol id="sm-12d2">
         <name>__aeabi_uldivmod</name>
         <value>0x27d1</value>
         <object_component_ref idref="oc-8a7"/>
      </symbol>
      <symbol id="sm-12da">
         <name>errno</name>
         <value>0x200079dc</value>
         <object_component_ref idref="oc-968"/>
      </symbol>
      <symbol id="sm-12e4">
         <name>copysign</name>
         <value>0x8849</value>
         <object_component_ref idref="oc-962"/>
      </symbol>
      <symbol id="sm-12e5">
         <name>copysignl</name>
         <value>0x8849</value>
         <object_component_ref idref="oc-962"/>
      </symbol>
      <symbol id="sm-133f">
         <name>GPIOPinTypePWM</name>
         <value>0x88d3</value>
         <object_component_ref idref="oc-380"/>
      </symbol>
      <symbol id="sm-1340">
         <name>GPIOPinConfigure</name>
         <value>0x7b09</value>
         <object_component_ref idref="oc-20c"/>
      </symbol>
      <symbol id="sm-1341">
         <name>GPIOPinTypeGPIOInput</name>
         <value>0x88c1</value>
         <object_component_ref idref="oc-5be"/>
      </symbol>
      <symbol id="sm-1342">
         <name>GPIOPinTypeGPIOOutput</name>
         <value>0x8699</value>
         <object_component_ref idref="oc-231"/>
      </symbol>
      <symbol id="sm-1343">
         <name>GPIOPinRead</name>
         <value>0x8a37</value>
         <object_component_ref idref="oc-344"/>
      </symbol>
      <symbol id="sm-1344">
         <name>GPIODirModeSet</name>
         <value>0x824b</value>
         <object_component_ref idref="oc-2f2"/>
      </symbol>
      <symbol id="sm-1345">
         <name>GPIOPinWrite</name>
         <value>0x8a3d</value>
         <object_component_ref idref="oc-237"/>
      </symbol>
      <symbol id="sm-1346">
         <name>GPIOPadConfigSet</name>
         <value>0x3c49</value>
         <object_component_ref idref="oc-250"/>
      </symbol>
      <symbol id="sm-1347">
         <name>GPIOPinTypeSSI</name>
         <value>0x88e5</value>
         <object_component_ref idref="oc-212"/>
      </symbol>
      <symbol id="sm-137f">
         <name>IntPrioritySet</name>
         <value>0x833d</value>
         <object_component_ref idref="oc-294"/>
      </symbol>
      <symbol id="sm-1380">
         <name>IntEnable</name>
         <value>0x7159</value>
         <object_component_ref idref="oc-2a0"/>
      </symbol>
      <symbol id="sm-13b5">
         <name>PWMGenPeriodSet</name>
         <value>0x892b</value>
         <object_component_ref idref="oc-38c"/>
      </symbol>
      <symbol id="sm-13b6">
         <name>PWMGenDisable</name>
         <value>0x8995</value>
         <object_component_ref idref="oc-92d"/>
      </symbol>
      <symbol id="sm-13b7">
         <name>PWMPulseWidthSet</name>
         <value>0x848f</value>
         <object_component_ref idref="oc-392"/>
      </symbol>
      <symbol id="sm-13b8">
         <name>PWMOutputState</name>
         <value>0x88f7</value>
         <object_component_ref idref="oc-39e"/>
      </symbol>
      <symbol id="sm-13b9">
         <name>PWMGenEnable</name>
         <value>0x89a1</value>
         <object_component_ref idref="oc-398"/>
      </symbol>
      <symbol id="sm-13ba">
         <name>PWMGenConfigure</name>
         <value>0x83ef</value>
         <object_component_ref idref="oc-386"/>
      </symbol>
      <symbol id="sm-13e2">
         <name>SSIDataPut</name>
         <value>0x89e9</value>
         <object_component_ref idref="oc-7a9"/>
      </symbol>
      <symbol id="sm-13e3">
         <name>SSIDataGet</name>
         <value>0x89ad</value>
         <object_component_ref idref="oc-7cb"/>
      </symbol>
      <symbol id="sm-13e4">
         <name>SSIConfigSetExpClk</name>
         <value>0x7e83</value>
         <object_component_ref idref="oc-21e"/>
      </symbol>
      <symbol id="sm-13e5">
         <name>SSIEnable</name>
         <value>0x89f3</value>
         <object_component_ref idref="oc-224"/>
      </symbol>
      <symbol id="sm-142b">
         <name>SysCtlDelay</name>
         <value>0x8a49</value>
         <object_component_ref idref="oc-56b"/>
      </symbol>
      <symbol id="sm-142c">
         <name>SysCtlPeripheralEnable</name>
         <value>0x8051</value>
         <object_component_ref idref="oc-206"/>
      </symbol>
      <symbol id="sm-142d">
         <name>SysCtlClockGet</name>
         <value>0x42fd</value>
         <object_component_ref idref="oc-218"/>
      </symbol>
      <symbol id="sm-142e">
         <name>SysCtlPWMClockSet</name>
         <value>0x87e5</value>
         <object_component_ref idref="oc-37a"/>
      </symbol>
      <symbol id="sm-1462">
         <name>TimerLoadSet</name>
         <value>0x8909</value>
         <object_component_ref idref="oc-29a"/>
      </symbol>
      <symbol id="sm-1463">
         <name>TimerEnable</name>
         <value>0x896d</value>
         <object_component_ref idref="oc-2ac"/>
      </symbol>
      <symbol id="sm-1464">
         <name>TimerIntEnable</name>
         <value>0x8a1f</value>
         <object_component_ref idref="oc-2a6"/>
      </symbol>
      <symbol id="sm-1465">
         <name>TimerConfigure</name>
         <value>0x7551</value>
         <object_component_ref idref="oc-28e"/>
      </symbol>
      <symbol id="sm-1466">
         <name>TimerIntClear</name>
         <value>0x8a55</value>
         <object_component_ref idref="oc-ba"/>
      </symbol>
      <symbol id="sm-1473">
         <name>UARTClockSourceSet</name>
         <value>0x8a4f</value>
         <object_component_ref idref="oc-1f2"/>
      </symbol>
      <symbol id="sm-1475">
         <name>__TI_static_base__</name>
         <value>0x0</value>
      </symbol>
      <symbol id="sm-1478">
         <name>SHT$$INIT_ARRAY$$Limit</name>
         <value>0x0</value>
      </symbol>
      <symbol id="sm-1479">
         <name>SHT$$INIT_ARRAY$$Base</name>
         <value>0x0</value>
      </symbol>
   </symbol_table>
   <title>Link successful</title>
</link_info>
